// Jest Snapshot v1, https://goo.gl/fbAQLP

exports[`matches snapshot 1`] = `
<DocumentFragment>
  <div
    class="LearnMoreContainer"
  >
    <span
      class="LearnMoreText"
    >
      Interested in learning more?
    </span>
    <a
      class="ButtonBlue LearnMoreLink focus:outline-none focus:shadow-outline"
      href="/contact"
    >
      Contact Us
    </a>
  </div>
</DocumentFragment>
`;
