// Jest Snapshot v1, https://goo.gl/fbAQLP

exports[`matches snapshot 1`] = `
<DocumentFragment>
  <button
    class="Button ButtonWhite focus:outline-none focus:ring"
    type="button"
  />
</DocumentFragment>
`;
