// Jest Snapshot v1, https://goo.gl/fbAQLP

exports[`matches snapshot 1`] = `
<DocumentFragment>
  <div
    class="GraphQLErrors"
  >
    <h1>
      GraphQL Error
    </h1>
    <pre>
      test message 
    </pre>
  </div>
</DocumentFragment>
`;
