// Jest Snapshot v1, https://goo.gl/fbAQLP

exports[`matches snapshot 1`] = `
<DocumentFragment>
  <section
    class="py-6"
  >
    <div
      class="Container DesignContainer"
    >
      <h2
        class="DesignH2"
      >
        Design Process
      </h2>
      <p
        class="DesignText"
      >
        The process we use is transparent and we will deliver on our promises. Most people have had a bad experience with remodeling, or know someone who has. We are upfront about expectations, pricing, and treat clients the way we want to be treated.
      </p>
    </div>
    <div
      class="Container"
    >
      <div
        class="grid grid-cols-2 sm:grid-cols-2 md:grid-cols-6 gap-4 mx-auto content-center justify-center items-center"
      />
    </div>
  </section>
</DocumentFragment>
`;
