// Jest Snapshot v1, https://goo.gl/fbAQLP

exports[`matches snapshot 1`] = `
<DocumentFragment>
  <div
    class="PublicationsContainer"
  >
    <h2
      class="PublicationsH2"
    >
      Publications
    </h2>
  </div>
</DocumentFragment>
`;
